<!DOCTYPE htmlPUBLIC>
<html><body>
<p>-//W3C//DTDHTML4.0Transitional//EN""http://www.w3.org/TR/REC-html40/loose.dtd"&gt;</p>
<style>body{background-color:#e8eff6;}</style>
<bodystyle>Mybody</bodystyle>
</body></html>
