<!DOCTYPE html PUBLIC "-//W3C//DTD HTML 4.0 Transitional//EN" "http://www.w3.org/TR/REC-html40/loose.dtd">
<html>
<body><a href="https://google.com?foo=true&amp;bar=false">Test</a></body>
</html>
