<!DOCTYPE htmlPUBLIC>
<html>
<head><style>body{background-color:#e8eff6;}</style></head>
<body><bodystyle>Mybody</bodystyle></body>
</html>
