<!DOCTYPE htmlPUBLIC>
<html><body><p>test1234</p></body></html>
