<!DOCTYPE html PUBLIC "-//W3C//DTD HTML 4.0 Transitional//EN" "http://www.w3.org/TR/REC-html40/loose.dtd">
<html><body><p>[Viewemailinbrowser](https://sendy.freek.dev/w/gMTJ0B9fBhUbUnImSK1gog)[![freek.dev](https://freek.dev/images/murzicoon.png)](https://freek.dev)FREEK.DEVHi,welcometothe94thfreek.devnewsletter![SendingawelcomenotificationtonewusersofaLaravelapp](https://freek.dev/1500-sending-a-welcome-notification-to-new-users-of-a-laravel-app)Toonboardnewuserscreatedbyotherusers,I'vecreatedanewpackagewhichcansendawelcomenotificationtonewusersthatallowsthemtosetaninitialpassword.[BuildyourownReact](https://pomb.us/build-your-own-react/)Inaverycoolpost,RodrigoPomboexplainstheinternalsofReactbyrewritingit'scorefromscratch.[ClosingModalswiththeBackButtoninaVueSPA](https://jessarcher.com/blog/closing-modals-with-the-back-button-in-a-vue-spa/)JessArcherrecentlygaveanexcellenttalkatLaraconAU.Inanewblogpostsheexplainsoneonetipsgivenduringhertalk:howtoclosemodalsinaVueappbyusingthebackbutton.[Self-hostyournewslettersandemailcampaigns](https://mailcoach.app)MyteamandIarecurrentlybuildingMailcoach,bothastandaloneappandLaravelpackagetosendoutnewsletters.[CreatingcustomrelationsinLaravel](https://stitcher.io/blog/laravel-custom-relation-classes)MycolleagueBrentsolvedaperformancebycreatingacustomrelation.[ImprovingArtisancommands](https://freek.dev/1492-improving-artisan-commands)Inthissmallblogpost,I'dliketogiveyouacoupleoftipstomakeyourArtisancommandsbetter.[WhatIsGarbageCollectioninPHPAndHowDoYouMakeTheMostOfIt?](https://tideways.com/profiler/blog/what-is-garbage-collection-in-php-and-how-do-you-make-the-most-of-it)OntheTidewaysblog,BenjaminEberleiexplainsPHPsgarbagecollectioninternals.[CraftingmaintainableLaravelapplications](https://jasonmccreary.me/articles/crafting-maintainable-laravel-applications/)AtLaraconAU,JasonMcCrearygaveanexcellentalkonhowtocreatemaintainableLaravelapps.Onhisbloghepublishedawrittendownversionofthetalk.MeanwhileonTwitter-[CherrypickthekeysforJSON.stringifytoserialize](https://twitter.com/TejasKumar_/status/1194326690924617728)-[Addquery-constraintswheneagerloadingrelationships](https://twitter.com/_stefanzweifel/status/1194323457477091329)-[Mutatingformrequestdata](https://twitter.com/neilkeena/status/1191410346075901953)Fromthearchives-[BuildingarealtimedashboardpoweredbyLaravel,Vue,PusherandTailwind(2018edition)](https://freek.dev/1212-building-a-realtime-dashboard-powered-by-laravel-vue-pusher-and-tailwind-2018-edition)-[AbetterwaytoregisterroutesinLaravel](https://freek.dev/1210-a-better-way-to-register-routes-in-laravel)-[HowPHPconferencescanbeimproved](https://freek.dev/1209-how-php-conferences-can-be-improved)-[LoadingEloquentrelationshipcounts](https://timacdonald.me/loading-eloquent-relationship-counts/)-[Callinganinvokableinaninstancevariable](https://freek.dev/1208-calling-an-invokable-in-an-instance-variable)-[Usingv-modelonNestedVueComponents](https://zaengle.com/blog/using-v-model-on-nested-vue-components)-[Areyousureyouneedentrustorlaravel-permissiontoimplementyourauthorization?](https://adelf.pro/2018/authorization-packages)-[Otherpeople'ssetup](https://freek.dev/1206-other-peoples-setup)-[FixingImagick's&acirc;&#128;&#156;notauthorized&acirc;&#128;&#157;exception](https://alexvanderbist.com/posts/2018/fixing-imagick-error-unauthorized)-[AutomaticmonitoringofLaravelForgemanagedsites](https://ohdear.app/blog/automatic-monitoring-of-laravel-forge-managed-sites)-[ngrok,lvh.meandnip.io:ATrilogyforLocalDevelopmentandTesting](https://nickjanetakis.com/blog/ngrok-lvhme-nipio-a-trilogy-for-local-development-and-testing)-[Whygeeksshouldspeak](https://justinjackson.ca/speak)-[MakingNovafieldstranslatable](https://freek.dev/1200-making-nova-fields-translatable)-[LaravelTelescope:Datatoolongforcolumn&acirc;&#128;&#152;content&acirc;&#128;&#153;](https://ma.ttias.be/laravel-telescope-data-long-column-content/)Advertisementopportunitiesat[freek.dev/advertising](<https:>).Youarereceivingthismailbecauseyou'vesubscribedat[freek.dev](https://freek.dev).Optoutanytime.[Unsubscribe](https://sendy.freek.dev/unsubscribe-success.php?c=73).</https:></p></body></html>
