{"templateValues":{"title":"This is my title","content":{"markdown":"","html":""}}}