<!DOCTYPE html PUBLIC "-//W3C//DTD HTML 4.0 Transitional//EN" "http://www.w3.org/TR/REC-html40/loose.dtd">
<html><body>
<h1>Hello</h1>
<a href="https://spatie.be?foo=bar&amp;utm_source=newsletter&amp;utm_medium=email&amp;utm_campaign=my-campaign">Hello world</a>
</body></html>
