<html><body>
<h1>Hi there!</h1>
<p>This is some <strong>markdown</strong></p>
</body></html>
