<!DOCTYPE htmlPUBLIC>
<html><body><p>myhtml</p></body></html>
