{"templateValues":{"title":"This is my title","content":{"markdown":"# This is some markdown","html":"<h1>This is some markdown<\/h1>\n"}}}