<!DOCTYPE htmlPUBLIC>
<html><body><p>-//W3C//DTDXHTML1.0Transitional//EN""http://www.w3.org/TR/xhtml1/DTD/xhtml1-transitional.dtd"&gt;<htmlxmlns><metaname><metahttp-equiv><metaname><metaname><style>@mediaonlyscreenand(max-width:600px){.inner-body{width:100%!important;}.footer{width:100%!important;}}@mediaonlyscreenand(max-width:500px){.button{width:100%!important;}}</style>
<bodystyle><tableclass><tr><tdalign><tableclass><tr><tdclass><ahref><imgsrc></imgsrc></ahref></tdclass></tr>
<!--EmailBody--><tr><tdclass><tableclass><!--Bodycontent--><tr><tdclass><h1style>Title<pstyle>Hiall!</pstyle></h1style></tdclass></tr></tableclass></tdclass></tr>
<tr><tdstyle><tableclass><tr><tdclass><pstyle>&Acirc;&copy;2022Laravel.Allrightsreserved.</pstyle></tdclass></tr></tableclass></tdstyle></tr></tableclass></tdalign></tr></tableclass></bodystyle></metaname></metaname></metahttp-equiv></metaname></htmlxmlns></p></body></html>
