<!DOCTYPE htmlPUBLIC>
<html><body>
<p>-//W3C//DTDHTML4.0Transitional//EN""http://www.w3.org/TR/REC-html40/loose.dtd"&gt;</p>
<h1>Hello</h1>
<ahref>Helloworld</ahref>
</body></html>
