<!DOCTYPE htmlPUBLIC>
<html><body>
<p>-//W3C//DTDXHTML1.0Transitional//EN""http://www.w3.org/TR/xhtml1/DTD/xhtml1-transitional.dtd"&gt;</p>
<h1>Hello</h1>
<p>Helloworld</p>
</body></html>
