<!DOCTYPE html PUBLIC "-//W3C//DTD XHTML 1.0 Transitional//EN" "http://www.w3.org/TR/xhtml1/DTD/xhtml1-transitional.dtd">
<html xmlns="http://www.w3.org/1999/xhtml">
<head>
<meta name="viewport" content="width=device-width, initial-scale=1.0" />
<meta http-equiv="Content-Type" content="text/html; charset=UTF-8" />
<meta name="color-scheme" content="light">
<meta name="supported-color-schemes" content="light">
<style>
@media  only screen and (max-width: 600px) {
.inner-body {
width: 100% !important;
}
<p>.footer {
width: 100% !important;
}
}</p>
<p>@media  only screen and (max-width: 500px) {
.button {
width: 100% !important;
}
}
</style></p>
</head>
<body>
<table class="wrapper" width="100%" cellpadding="0" cellspacing="0" role="presentation">
<tr>
<td align="center">
<table class="content" width="100%" cellpadding="0" cellspacing="0" role="presentation">
<tr>
<td class="header">
<a href="http://localhost" style="display: inline-block;">
<img src="https://laravel.com/img/notification-logo.png" class="logo" alt="Laravel Logo">
</a>
</td>
</tr>
<!-- Email Body -->
<tr>
<td class="body" width="100%" cellpadding="0" cellspacing="0">
<table class="inner-body" align="center" width="570" cellpadding="0" cellspacing="0" role="presentation">
<!-- Body content -->
<tr>
<td class="content-cell">
<p>#Title</p>
<p>Hi all!</p>
</td>
</tr>
</table>
</td>
</tr>
<tr>
<td>
<table class="footer" align="center" width="570" cellpadding="0" cellspacing="0" role="presentation">
<tr>
<td class="content-cell" align="center">
<p>Â© 2021 Laravel. All rights reserved.</p>
</td>
</tr>
</table>
</td>
</tr>
</table>
</td>
</tr>
</table>
</body>
</html>

