<p>This is a <a href="{{ unsubscribeUrl }}">link</a></p>
